../Core/Src/main.c:136:6:scan_keypad	16	static
../Core/Src/main.c:183:6:set_rows	24	static
../Core/Src/main.c:229:6:get_cols	24	static
../Core/Src/main.c:246:6:scan_rotary	24	static
../Core/Src/main.c:331:6:record_keys	32	static
../Core/Src/main.c:368:6:add_keypress	24	static
../Core/Src/main.c:405:6:switch_lcd	4	static
../Core/Src/main.c:433:5:main	64	static
../Core/Src/main.c:540:6:SystemClock_Config	88	static
../Core/Src/main.c:586:13:MX_I2C2_Init	32	static
../Core/Src/main.c:634:13:MX_SPI2_Init	8	static
../Core/Src/main.c:672:13:MX_TIM4_Init	32	static
../Core/Src/main.c:717:13:MX_TIM6_Init	16	static
../Core/Src/main.c:755:13:MX_TIM7_Init	16	static
../Core/Src/main.c:791:13:MX_DMA_Init	16	static
../Core/Src/main.c:809:13:MX_GPIO_Init	48	static
../Core/Src/main.c:868:6:HAL_TIM_PeriodElapsedCallback	16	static
../Core/Src/main.c:917:6:Error_Handler	4	static,ignoring_inline_asm
