../Core/Src/main.c:129:6:scan_keypad	16	static
../Core/Src/main.c:176:6:set_rows	24	static
../Core/Src/main.c:228:5:get_cols	24	static
../Core/Src/main.c:245:6:scan_rotary	8	static
../Core/Src/main.c:291:6:record_keys	24	static
../Core/Src/main.c:322:6:add_keypress	24	static
../Core/Src/main.c:359:6:switch_lcd	4	static
../Core/Src/main.c:387:5:main	64	static
../Core/Src/main.c:483:6:SystemClock_Config	88	static
../Core/Src/main.c:529:13:MX_I2C2_Init	8	static
../Core/Src/main.c:563:13:MX_SPI2_Init	8	static
../Core/Src/main.c:601:13:MX_TIM4_Init	32	static
../Core/Src/main.c:646:13:MX_TIM6_Init	16	static
../Core/Src/main.c:684:13:MX_TIM7_Init	16	static
../Core/Src/main.c:720:13:MX_DMA_Init	16	static
../Core/Src/main.c:738:13:MX_GPIO_Init	48	static
../Core/Src/main.c:797:6:HAL_TIM_PeriodElapsedCallback	16	static
../Core/Src/main.c:848:6:Error_Handler	4	static,ignoring_inline_asm
