../Core/Src/ILI9341_STM32_Driver.c:12:6:HAL_SPI_TxCpltCallback	16	static
../Core/Src/ILI9341_STM32_Driver.c:21:13:ILI9341_SPI_Tx	16	static
../Core/Src/ILI9341_STM32_Driver.c:28:13:ILI9341_SPI_TxBuffer	16	static
../Core/Src/ILI9341_STM32_Driver.c:35:6:ILI9341_WriteCommand	16	static
../Core/Src/ILI9341_STM32_Driver.c:43:6:ILI9341_WriteData	16	static
../Core/Src/ILI9341_STM32_Driver.c:51:6:ILI9341_WriteBuffer	16	static
../Core/Src/ILI9341_STM32_Driver.c:59:6:ILI9341_SetAddress	32	static
../Core/Src/ILI9341_STM32_Driver.c:81:6:ILI9341_Reset	8	static
../Core/Src/ILI9341_STM32_Driver.c:91:6:ILI9341_Enable	8	static
../Core/Src/ILI9341_STM32_Driver.c:96:6:ILI9341_Init	8	static
../Core/Src/ILI9341_STM32_Driver.c:232:6:ILI9341_SetRotation	16	static
../Core/Src/ILI9341_STM32_Driver.c:264:6:ILI9341_DrawColor	24	static
../Core/Src/ILI9341_STM32_Driver.c:270:6:ILI9341_DrawColorBurst	80	dynamic
../Core/Src/ILI9341_STM32_Driver.c:311:6:ILI9341_FillScreen	16	static
../Core/Src/ILI9341_STM32_Driver.c:317:6:ILI9341_DrawPixel	32	static
../Core/Src/ILI9341_STM32_Driver.c:335:6:ILI9341_DrawRectangle	24	static
../Core/Src/ILI9341_STM32_Driver.c:353:6:ILI9341_DrawHLine	24	static
../Core/Src/ILI9341_STM32_Driver.c:366:6:ILI9341_DrawVLine	24	static
