../Drivers/CMSIS/Include/core_cm4.h:2064:26:ITM_SendChar	16	static,ignoring_inline_asm
../Core/Src/main.c:115:5:__io_putchar	16	static
../Core/Src/main.c:121:6:set_rows	8	static
../Core/Src/main.c:148:5:get_cols	4	static
../Core/Src/main.c:154:6:add_keypress	16	static
../Core/Src/main.c:181:6:record_keys	16	static
../Core/Src/main.c:204:5:main	8	static
../Core/Src/main.c:261:6:SystemClock_Config	88	static
../Core/Src/main.c:307:13:MX_TIM4_Init	32	static
../Core/Src/main.c:352:13:MX_TIM6_Init	16	static
../Core/Src/main.c:390:13:MX_GPIO_Init	48	static
../Core/Src/main.c:429:6:HAL_TIM_PeriodElapsedCallback	24	static
../Core/Src/main.c:544:6:Error_Handler	4	static,ignoring_inline_asm
