../Core/Src/main.c:164:6:scan_keypad	32	static
../Core/Src/main.c:194:6:set_rows	24	static
../Core/Src/main.c:225:5:get_cols	32	static
../Core/Src/main.c:242:6:scan_rotary	8	static
../Core/Src/main.c:288:6:record_keys	24	static
../Core/Src/main.c:313:6:add_keypress	16	static
../Core/Src/main.c:342:6:switch_lcd	4	static
../Core/Src/main.c:372:5:main	32	static
../Core/Src/main.c:455:6:SystemClock_Config	88	static
../Core/Src/main.c:501:13:MX_I2C2_Init	32	static
../Core/Src/main.c:551:13:MX_SPI1_Init	8	static
../Core/Src/main.c:589:13:MX_TIM4_Init	32	static
../Core/Src/main.c:634:13:MX_TIM6_Init	16	static
../Core/Src/main.c:670:13:MX_DMA_Init	16	static
../Core/Src/main.c:688:13:MX_GPIO_Init	56	static
../Core/Src/main.c:740:6:HAL_TIM_PeriodElapsedCallback	16	static
../Core/Src/main.c:767:6:Error_Handler	4	static,ignoring_inline_asm
