21:49:07 **** Incremental Build of configuration Debug for project F407_workspace ****
make -j7 all 
arm-none-eabi-gcc "../Core/Src/main.c" -mcpu=cortex-m4 -std=gnu11 -g3 -DDEBUG -DUSE_HAL_DRIVER -DSTM32F407xx -c -I../Core/Inc -I../Drivers/STM32F4xx_HAL_Driver/Inc -I../Drivers/STM32F4xx_HAL_Driver/Inc/Legacy -I../Drivers/CMSIS/Device/ST/STM32F4xx/Include -I../Drivers/CMSIS/Include -I../USB_DEVICE/App -I../USB_DEVICE/Target -I../Middlewares/ST/STM32_USB_Device_Library/Core/Inc -I../Middlewares/ST/STM32_USB_Device_Library/Class/HID/Inc -O0 -ffunction-sections -fdata-sections -Wall -fstack-usage -MMD -MP -MF"Core/Src/main.d" -MT"Core/Src/main.o" --specs=nano.specs -mfpu=fpv4-sp-d16 -mfloat-abi=hard -mthumb -o "Core/Src/main.o"
../Core/Src/main.c:363:1: warning: "/*" within comment [-Wcomment]
  363 | /* USER CODE END 0 */
      |  
arm-none-eabi-gcc -o "F407_workspace.elf" @"objects.list"   -mcpu=cortex-m4 -T"/Users/joe/Dropbox/ECE477/ECE477/F407_workspace/STM32F407VGTX_FLASH.ld" --specs=nosys.specs -Wl,-Map="F407_workspace.map" -Wl,--gc-sections -static --specs=nano.specs -mfpu=fpv4-sp-d16 -mfloat-abi=hard -mthumb -Wl,--start-group -lc -lm -Wl,--end-group
Finished building target: F407_workspace.elf
 
arm-none-eabi-size   F407_workspace.elf 
arm-none-eabi-objdump -h -S  F407_workspace.elf  > "F407_workspace.list"
   text	   data	    bss	    dec	    hex	filename
  55908	    408	   5152	  61468	   f01c	F407_workspace.elf
Finished building: default.size.stdout
 
Finished building: F407_workspace.list
 

21:49:08 Build Finished. 0 errors, 1 warnings. (took 779ms)

